// Jest Snapshot v1, https://goo.gl/fbAQLP

exports[`query Should render the query template 1`] = `
"import { Query } from "@typescript-ddd/core";
import { UserId } from "@src/domain";

/** Represents a find user query. */
export class FindUserQuery implements Query {
    /**
     * Initializes a new instance of a find user query.
     * @param {UserId} id - The id.
     */
    constructor(public readonly id: UserId) {
        // TODO: Add validation
    }
}    
"
`;
