// Jest Snapshot v1, https://goo.gl/fbAQLP

exports[`CommandHandler Should render the command handler template 1`] = `
"import { QueryHandler } from "@typescript-ddd/core";
import { FindAllUserQuery, UserFinder } from "@src/application";
import { UserView } from "@src/domain";

/** Represents a find all user handler. */
export class FindAllUserHandler implements QueryHandler<FindAllUserQuery> {
    /**
     * Initializes a new instance of a find all user handler.
     * @param {UserFinder} finder - The finder to handle the query.
     */
    constructor(private readonly finder: UserFinder) {
    }

    /**
     * Handles a find all user query.
     * @param {FindAllUserQuery} query - The query to handle.
     * @returns {Promise<UserView[]>} - A user view[].
     */
    async handle(query: FindAllUserQuery): Promise<UserView[]> {
        const users = await this.finder.findAll(
          query.name
        );
        return UserView.createMany(user);
    }
}    
"
`;
